// Jest Snapshot v1, https://goo.gl/fbAQLP

exports[`rss-to-s3 should write RSS data to S3 1`] = `
"\\"title\\"
\\"Covid: Nadhim Zahawi appointed as vaccine rollout minister\\"
\\"Covid: More than 150 arrests at London anti-lockdown protest\\"
\\"Covid in Scotland: Mass testing in communities to begin\\"
\\"'Imminent' UDA threats made against Sunday World journalists\\"
\\"Durham van traveller Esther Dingley missing in Pyrenees\\"
\\"Lake District National Park suspends trail hunting amid investigation\\"
\\"Channel crossings: More officers to patrol French beaches\\"
\\"Arcadia: Buyers to 'pick over carcass' of Topshop owner, says former boss\\"
\\"'When it's brutal in the Cairngorms, it can kill you'\\"
\\"Covid crisis hits Talyllyn and other steam railways\\"
\\"New apple variety discovered by runner\\"
\\"Covid: Newport care nurse returned to work but nearly died\\"
\\"Covid and schools: 'Children know things aren't right'\\"
\\"Liverpool: How one city took on the Covid-19 crisis\\"
\\"Travelling at Christmas: What you need to know\\"
\\"Covid-19: 'People have got clean on Zoom - that's amazing'\\"
\\"Covid: Has England's lockdown worked?\\"
\\"Covid: When does England's lockdown actually end? And other questions\\"
\\"Covid: New London garden to commemorate pandemic victims\\"
\\"Kate warns of lockdown loneliness for parents\\"
\\"Oxford Covid vaccine: Regulator asked to assess jab\\"
\\"Lockdown asylum freeze puts Iraqi doctor 'in limbo'\\"
\\"London Bridge attack: 'I think about it every single day'\\"
\\"Leroy Logan: Who is the Met Police officer in Steve McQueen's Red, White and Blue?\\"
\\"Gary Barlow: 'I'm not as confident as I was at 21'\\"
\\"The 'Robin Hood' policemen who stole from the Nazis\\"
\\"How green and profitable are e-scooters?\\"
\\"Sexual abuse: 'My boyfriend assaulted me and filmed it as I slept'\\"
\\"Nick Robinson: Let's give politicians a chance to speak human\\"
\\"Is it fair for learner drivers to get points on their licence?\\"
\\"TikTok: 'I didnâ€™t know other LGBT Muslims existed'\\"
\\"'Gambling was as normal as breathing'\\"
\\"'Outstanding new teacher' Kirsty Gaythwaite on why she loves her job\\"
\\"Period poverty: The Belfast school breaking the taboo\\"
\\"Duchess of Cambridge report on early years children\\"
\\"Damilola Taylor: 'One of the last people to see him alive'\\"
\\"Newspaper headlines: Tory MPs' hospital anger, and PM 'in retreat'\\"
\\"Hospitals 'may be overwhelmed without new tiers'\\"
\\"Covid ICU: A reality check on the virus's second wave\\"
\\"Covid-19 vaccine: GPs in NI plan rollout for over 80s\\"
\\"Renewable energy: Swansea homes retrofitted with smart tech\\"
\\"Covid app 'sent me result of test I hadn't taken'\\""
`;
